// Jest Snapshot v1, https://goo.gl/fbAQLP

exports[`should render MultichoiceQuestionForm correctly (snapshot) 1`] = `
<div>
  <Card
    tag="div"
  >
    <CardHeader
      tag="div"
    >
      Header
    </CardHeader>
    <CardBody
      tag="div"
    >
      <Form
        onSubmit={[MockFunction]}
        tag="form"
      >
        <TextFieldGroup
          label="Text"
          name="text"
          onChange={[MockFunction]}
          type="text"
          value="haha"
        />
        <TextFieldGroup
          label="Description"
          name="description"
          onChange={[MockFunction]}
          type="text"
          value="desc"
        />
        <ListFieldGroup
          label="Choices"
          name="choices"
          onChange={[MockFunction]}
          options={
            Array [
              Object {
                "id": 1,
                "value": "Choice 1",
              },
            ]
          }
        />
        <div>
          <Button
            color="primary"
            id="btnAdd"
            onClick={[MockFunction]}
            tag="button"
          >
            Add
          </Button>
        </div>
        <div>
          <Button
            color="success"
            tag="button"
            type="submit"
          >
            Save
          </Button>
        </div>
      </Form>
    </CardBody>
  </Card>
</div>
`;
