// Jest Snapshot v1, https://goo.gl/fbAQLP

exports[`should render MultichoiceQuestionForm correctly (snapshot) 1`] = `
ShallowWrapper {
  Symbol(enzyme.__root__): [Circular],
  Symbol(enzyme.__unrendered__): <MultichoiceQuestionForm
    errors={true}
    onAdd={[Function]}
    onChange={[Function]}
    onSubmit={[Function]}
    question={
        Object {
            "choices": Array [
              Object {
                "id": 1,
                "value": "Choice 1",
              },
            ],
            "description": "desc",
            "id": "1",
            "text": "haha",
            "type": "MultichoiceQuestion",
          }
    }
/>,
  Symbol(enzyme.__renderer__): Object {
    "batchedUpdates": [Function],
    "getNode": [Function],
    "render": [Function],
    "simulateError": [Function],
    "simulateEvent": [Function],
    "unmount": [Function],
  },
  Symbol(enzyme.__node__): Object {
    "instance": null,
    "key": undefined,
    "nodeType": "host",
    "props": Object {
      "children": <Card
        tag="div"
>
        <CardHeader
                tag="div"
        >
                Header
        </CardHeader>
        <CardBody
                tag="div"
        >
                <Form
                        onSubmit={[Function]}
                        tag="form"
                >
                        <TextFieldGroup
                                error={undefined}
                                label="Text"
                                name="text"
                                onChange={[Function]}
                                type="text"
                                value="haha"
                        />
                        <TextFieldGroup
                                error={undefined}
                                label="Description"
                                name="description"
                                onChange={[Function]}
                                type="text"
                                value="desc"
                        />
                        <ListFieldGroup
                                error={undefined}
                                label="Choices"
                                name="choices"
                                onChange={[Function]}
                                options={
                                        Array [
                                                Object {
                                                  "id": 1,
                                                  "value": "Choice 1",
                                                },
                                              ]
                                }
                        />
                        <div>
                                <Button
                                        color="primary"
                                        id="btnAdd"
                                        onClick={[Function]}
                                        tag="button"
                                >
                                        Add
                                </Button>
                        </div>
                        <div>
                                <Button
                                        color="success"
                                        tag="button"
                                        type="submit"
                                >
                                        Save
                                </Button>
                        </div>
                </Form>
        </CardBody>
</Card>,
    },
    "ref": null,
    "rendered": Object {
      "instance": null,
      "key": undefined,
      "nodeType": "function",
      "props": Object {
        "children": Array [
          <CardHeader
            tag="div"
>
            Header
</CardHeader>,
          <CardBody
            tag="div"
>
            <Form
                        onSubmit={[Function]}
                        tag="form"
            >
                        <TextFieldGroup
                                    error={undefined}
                                    label="Text"
                                    name="text"
                                    onChange={[Function]}
                                    type="text"
                                    value="haha"
                        />
                        <TextFieldGroup
                                    error={undefined}
                                    label="Description"
                                    name="description"
                                    onChange={[Function]}
                                    type="text"
                                    value="desc"
                        />
                        <ListFieldGroup
                                    error={undefined}
                                    label="Choices"
                                    name="choices"
                                    onChange={[Function]}
                                    options={
                                                Array [
                                                            Object {
                                                              "id": 1,
                                                              "value": "Choice 1",
                                                            },
                                                          ]
                                    }
                        />
                        <div>
                                    <Button
                                                color="primary"
                                                id="btnAdd"
                                                onClick={[Function]}
                                                tag="button"
                                    >
                                                Add
                                    </Button>
                        </div>
                        <div>
                                    <Button
                                                color="success"
                                                tag="button"
                                                type="submit"
                                    >
                                                Save
                                    </Button>
                        </div>
            </Form>
</CardBody>,
        ],
        "tag": "div",
      },
      "ref": null,
      "rendered": Array [
        Object {
          "instance": null,
          "key": undefined,
          "nodeType": "function",
          "props": Object {
            "children": "Header",
            "tag": "div",
          },
          "ref": null,
          "rendered": "Header",
          "type": [Function],
        },
        Object {
          "instance": null,
          "key": undefined,
          "nodeType": "function",
          "props": Object {
            "children": <Form
              onSubmit={[Function]}
              tag="form"
>
              <TextFieldGroup
                            error={undefined}
                            label="Text"
                            name="text"
                            onChange={[Function]}
                            type="text"
                            value="haha"
              />
              <TextFieldGroup
                            error={undefined}
                            label="Description"
                            name="description"
                            onChange={[Function]}
                            type="text"
                            value="desc"
              />
              <ListFieldGroup
                            error={undefined}
                            label="Choices"
                            name="choices"
                            onChange={[Function]}
                            options={
                                          Array [
                                                        Object {
                                                          "id": 1,
                                                          "value": "Choice 1",
                                                        },
                                                      ]
                            }
              />
              <div>
                            <Button
                                          color="primary"
                                          id="btnAdd"
                                          onClick={[Function]}
                                          tag="button"
                            >
                                          Add
                            </Button>
              </div>
              <div>
                            <Button
                                          color="success"
                                          tag="button"
                                          type="submit"
                            >
                                          Save
                            </Button>
              </div>
</Form>,
            "tag": "div",
          },
          "ref": null,
          "rendered": Object {
            "instance": null,
            "key": undefined,
            "nodeType": "class",
            "props": Object {
              "children": Array [
                <TextFieldGroup
                  error={undefined}
                  label="Text"
                  name="text"
                  onChange={[Function]}
                  type="text"
                  value="haha"
/>,
                <TextFieldGroup
                  error={undefined}
                  label="Description"
                  name="description"
                  onChange={[Function]}
                  type="text"
                  value="desc"
/>,
                <ListFieldGroup
                  error={undefined}
                  label="Choices"
                  name="choices"
                  onChange={[Function]}
                  options={
                                    Array [
                                                      Object {
                                                        "id": 1,
                                                        "value": "Choice 1",
                                                      },
                                                    ]
                  }
/>,
                <div>
                  <Button
                                    color="primary"
                                    id="btnAdd"
                                    onClick={[Function]}
                                    tag="button"
                  >
                                    Add
                  </Button>
</div>,
                <div>
                  <Button
                                    color="success"
                                    tag="button"
                                    type="submit"
                  >
                                    Save
                  </Button>
</div>,
              ],
              "onSubmit": [Function],
              "tag": "form",
            },
            "ref": null,
            "rendered": Array [
              Object {
                "instance": null,
                "key": undefined,
                "nodeType": "function",
                "props": Object {
                  "error": undefined,
                  "label": "Text",
                  "name": "text",
                  "onChange": [Function],
                  "type": "text",
                  "value": "haha",
                },
                "ref": null,
                "rendered": null,
                "type": [Function],
              },
              Object {
                "instance": null,
                "key": undefined,
                "nodeType": "function",
                "props": Object {
                  "error": undefined,
                  "label": "Description",
                  "name": "description",
                  "onChange": [Function],
                  "type": "text",
                  "value": "desc",
                },
                "ref": null,
                "rendered": null,
                "type": [Function],
              },
              Object {
                "instance": null,
                "key": undefined,
                "nodeType": "function",
                "props": Object {
                  "error": undefined,
                  "label": "Choices",
                  "name": "choices",
                  "onChange": [Function],
                  "options": Array [
                    Object {
                      "id": 1,
                      "value": "Choice 1",
                    },
                  ],
                },
                "ref": null,
                "rendered": null,
                "type": [Function],
              },
              Object {
                "instance": null,
                "key": undefined,
                "nodeType": "host",
                "props": Object {
                  "children": <Button
                    color="primary"
                    id="btnAdd"
                    onClick={[Function]}
                    tag="button"
>
                    Add
</Button>,
                },
                "ref": null,
                "rendered": Object {
                  "instance": null,
                  "key": undefined,
                  "nodeType": "class",
                  "props": Object {
                    "children": "Add",
                    "color": "primary",
                    "id": "btnAdd",
                    "onClick": [Function],
                    "tag": "button",
                  },
                  "ref": null,
                  "rendered": "Add",
                  "type": [Function],
                },
                "type": "div",
              },
              Object {
                "instance": null,
                "key": undefined,
                "nodeType": "host",
                "props": Object {
                  "children": <Button
                    color="success"
                    tag="button"
                    type="submit"
>
                    Save
</Button>,
                },
                "ref": null,
                "rendered": Object {
                  "instance": null,
                  "key": undefined,
                  "nodeType": "class",
                  "props": Object {
                    "children": "Save",
                    "color": "success",
                    "tag": "button",
                    "type": "submit",
                  },
                  "ref": null,
                  "rendered": "Save",
                  "type": [Function],
                },
                "type": "div",
              },
            ],
            "type": [Function],
          },
          "type": [Function],
        },
      ],
      "type": [Function],
    },
    "type": "div",
  },
  Symbol(enzyme.__nodes__): Array [
    Object {
      "instance": null,
      "key": undefined,
      "nodeType": "host",
      "props": Object {
        "children": <Card
          tag="div"
>
          <CardHeader
                    tag="div"
          >
                    Header
          </CardHeader>
          <CardBody
                    tag="div"
          >
                    <Form
                              onSubmit={[Function]}
                              tag="form"
                    >
                              <TextFieldGroup
                                        error={undefined}
                                        label="Text"
                                        name="text"
                                        onChange={[Function]}
                                        type="text"
                                        value="haha"
                              />
                              <TextFieldGroup
                                        error={undefined}
                                        label="Description"
                                        name="description"
                                        onChange={[Function]}
                                        type="text"
                                        value="desc"
                              />
                              <ListFieldGroup
                                        error={undefined}
                                        label="Choices"
                                        name="choices"
                                        onChange={[Function]}
                                        options={
                                                  Array [
                                                            Object {
                                                              "id": 1,
                                                              "value": "Choice 1",
                                                            },
                                                          ]
                                        }
                              />
                              <div>
                                        <Button
                                                  color="primary"
                                                  id="btnAdd"
                                                  onClick={[Function]}
                                                  tag="button"
                                        >
                                                  Add
                                        </Button>
                              </div>
                              <div>
                                        <Button
                                                  color="success"
                                                  tag="button"
                                                  type="submit"
                                        >
                                                  Save
                                        </Button>
                              </div>
                    </Form>
          </CardBody>
</Card>,
      },
      "ref": null,
      "rendered": Object {
        "instance": null,
        "key": undefined,
        "nodeType": "function",
        "props": Object {
          "children": Array [
            <CardHeader
              tag="div"
>
              Header
</CardHeader>,
            <CardBody
              tag="div"
>
              <Form
                            onSubmit={[Function]}
                            tag="form"
              >
                            <TextFieldGroup
                                          error={undefined}
                                          label="Text"
                                          name="text"
                                          onChange={[Function]}
                                          type="text"
                                          value="haha"
                            />
                            <TextFieldGroup
                                          error={undefined}
                                          label="Description"
                                          name="description"
                                          onChange={[Function]}
                                          type="text"
                                          value="desc"
                            />
                            <ListFieldGroup
                                          error={undefined}
                                          label="Choices"
                                          name="choices"
                                          onChange={[Function]}
                                          options={
                                                        Array [
                                                                      Object {
                                                                        "id": 1,
                                                                        "value": "Choice 1",
                                                                      },
                                                                    ]
                                          }
                            />
                            <div>
                                          <Button
                                                        color="primary"
                                                        id="btnAdd"
                                                        onClick={[Function]}
                                                        tag="button"
                                          >
                                                        Add
                                          </Button>
                            </div>
                            <div>
                                          <Button
                                                        color="success"
                                                        tag="button"
                                                        type="submit"
                                          >
                                                        Save
                                          </Button>
                            </div>
              </Form>
</CardBody>,
          ],
          "tag": "div",
        },
        "ref": null,
        "rendered": Array [
          Object {
            "instance": null,
            "key": undefined,
            "nodeType": "function",
            "props": Object {
              "children": "Header",
              "tag": "div",
            },
            "ref": null,
            "rendered": "Header",
            "type": [Function],
          },
          Object {
            "instance": null,
            "key": undefined,
            "nodeType": "function",
            "props": Object {
              "children": <Form
                onSubmit={[Function]}
                tag="form"
>
                <TextFieldGroup
                                error={undefined}
                                label="Text"
                                name="text"
                                onChange={[Function]}
                                type="text"
                                value="haha"
                />
                <TextFieldGroup
                                error={undefined}
                                label="Description"
                                name="description"
                                onChange={[Function]}
                                type="text"
                                value="desc"
                />
                <ListFieldGroup
                                error={undefined}
                                label="Choices"
                                name="choices"
                                onChange={[Function]}
                                options={
                                                Array [
                                                                Object {
                                                                  "id": 1,
                                                                  "value": "Choice 1",
                                                                },
                                                              ]
                                }
                />
                <div>
                                <Button
                                                color="primary"
                                                id="btnAdd"
                                                onClick={[Function]}
                                                tag="button"
                                >
                                                Add
                                </Button>
                </div>
                <div>
                                <Button
                                                color="success"
                                                tag="button"
                                                type="submit"
                                >
                                                Save
                                </Button>
                </div>
</Form>,
              "tag": "div",
            },
            "ref": null,
            "rendered": Object {
              "instance": null,
              "key": undefined,
              "nodeType": "class",
              "props": Object {
                "children": Array [
                  <TextFieldGroup
                    error={undefined}
                    label="Text"
                    name="text"
                    onChange={[Function]}
                    type="text"
                    value="haha"
/>,
                  <TextFieldGroup
                    error={undefined}
                    label="Description"
                    name="description"
                    onChange={[Function]}
                    type="text"
                    value="desc"
/>,
                  <ListFieldGroup
                    error={undefined}
                    label="Choices"
                    name="choices"
                    onChange={[Function]}
                    options={
                                        Array [
                                                            Object {
                                                              "id": 1,
                                                              "value": "Choice 1",
                                                            },
                                                          ]
                    }
/>,
                  <div>
                    <Button
                                        color="primary"
                                        id="btnAdd"
                                        onClick={[Function]}
                                        tag="button"
                    >
                                        Add
                    </Button>
</div>,
                  <div>
                    <Button
                                        color="success"
                                        tag="button"
                                        type="submit"
                    >
                                        Save
                    </Button>
</div>,
                ],
                "onSubmit": [Function],
                "tag": "form",
              },
              "ref": null,
              "rendered": Array [
                Object {
                  "instance": null,
                  "key": undefined,
                  "nodeType": "function",
                  "props": Object {
                    "error": undefined,
                    "label": "Text",
                    "name": "text",
                    "onChange": [Function],
                    "type": "text",
                    "value": "haha",
                  },
                  "ref": null,
                  "rendered": null,
                  "type": [Function],
                },
                Object {
                  "instance": null,
                  "key": undefined,
                  "nodeType": "function",
                  "props": Object {
                    "error": undefined,
                    "label": "Description",
                    "name": "description",
                    "onChange": [Function],
                    "type": "text",
                    "value": "desc",
                  },
                  "ref": null,
                  "rendered": null,
                  "type": [Function],
                },
                Object {
                  "instance": null,
                  "key": undefined,
                  "nodeType": "function",
                  "props": Object {
                    "error": undefined,
                    "label": "Choices",
                    "name": "choices",
                    "onChange": [Function],
                    "options": Array [
                      Object {
                        "id": 1,
                        "value": "Choice 1",
                      },
                    ],
                  },
                  "ref": null,
                  "rendered": null,
                  "type": [Function],
                },
                Object {
                  "instance": null,
                  "key": undefined,
                  "nodeType": "host",
                  "props": Object {
                    "children": <Button
                      color="primary"
                      id="btnAdd"
                      onClick={[Function]}
                      tag="button"
>
                      Add
</Button>,
                  },
                  "ref": null,
                  "rendered": Object {
                    "instance": null,
                    "key": undefined,
                    "nodeType": "class",
                    "props": Object {
                      "children": "Add",
                      "color": "primary",
                      "id": "btnAdd",
                      "onClick": [Function],
                      "tag": "button",
                    },
                    "ref": null,
                    "rendered": "Add",
                    "type": [Function],
                  },
                  "type": "div",
                },
                Object {
                  "instance": null,
                  "key": undefined,
                  "nodeType": "host",
                  "props": Object {
                    "children": <Button
                      color="success"
                      tag="button"
                      type="submit"
>
                      Save
</Button>,
                  },
                  "ref": null,
                  "rendered": Object {
                    "instance": null,
                    "key": undefined,
                    "nodeType": "class",
                    "props": Object {
                      "children": "Save",
                      "color": "success",
                      "tag": "button",
                      "type": "submit",
                    },
                    "ref": null,
                    "rendered": "Save",
                    "type": [Function],
                  },
                  "type": "div",
                },
              ],
              "type": [Function],
            },
            "type": [Function],
          },
        ],
        "type": [Function],
      },
      "type": "div",
    },
  ],
  Symbol(enzyme.__options__): Object {
    "adapter": ReactSixteenAdapter {
      "options": Object {
        "enableComponentDidUpdateOnSetState": true,
        "lifecycles": Object {
          "componentDidUpdate": Object {
            "onSetState": true,
          },
          "getDerivedStateFromProps": true,
          "getSnapshotBeforeUpdate": true,
          "setState": Object {
            "skipsComponentDidUpdateOnNullish": true,
          },
        },
      },
    },
    "disableLifecycleMethods": true,
  },
}
`;
