// Jest Snapshot v1, https://goo.gl/fbAQLP

exports[`should render OpenQuestionFormContainer correctly (SNAPSHOT) 1`] = `
<OpenQuestionForm
  errors={Object {}}
  onChange={[Function]}
  onSubmit={[Function]}
  question={
    Object {
      "_id": "1",
      "description": "",
      "text": "Text",
      "type": "OpenQuestion",
    }
  }
/>
`;
