// Jest Snapshot v1, https://goo.gl/fbAQLP

exports[`should render OpenQuestionForm correctly (snapshot) enzime 1`] = `
<div>
  <Card
    tag="div"
  >
    <CardHeader
      tag="div"
    >
      Open Question
    </CardHeader>
    <CardBody
      tag="div"
    >
      <Form
        onSubmit={[MockFunction]}
        tag="form"
      >
        <TextFieldGroup
          label="Text"
          name="text"
          onChange={[Function]}
          type="text"
          value="haha"
        />
        <TextFieldGroup
          label="Description"
          name="description"
          onChange={[Function]}
          type="text"
          value="desc"
        />
        <Button
          color="success"
          tag="button"
          type="submit"
        >
          Save
        </Button>
      </Form>
    </CardBody>
  </Card>
</div>
`;
